
> client@0.0.0 build
> tsc -b && vite build

src/components/FiltersSidebar.tsx(1,8): error TS6133: 'React' is declared but its value is never read.
src/components/Navbar.tsx(1,1): error TS6133: 'React' is declared but its value is never read.
src/components/PropertyCard.tsx(1,1): error TS6133: 'React' is declared but its value is never read.
src/components/ThemeToggle.tsx(1,8): error TS6133: 'React' is declared but its value is never read.
src/pages/AgentDashboard.tsx(137,36): error TS2304: Cannot find name 'setShowProfile'.
src/pages/PropertyListingPage.tsx(1,8): error TS6133: 'React' is declared but its value is never read.
